// DO NOT EDIT. This file is machine-generated for TypesModel and constantly overwritten.
// Make changes to machine.stencil instead.

import Foundation
import CoreData

// swiftlint:disable file_length
// swiftlint:disable type_body_length
public enum PropertyClassAttributes: String {
   case name
   case value
}

public enum PropertyClassRelationships: String {
   case types
}


// swiftlint:disable type_name
public class _PropertyClass: NSManagedObject {
   public class var entityName: String {
      return "Property"
   }

   @NSManaged public var name: String
   @NSManaged public var value: String

   @NSManaged public var types: AllTypesClass?
}

